// Jest Snapshot v1, https://goo.gl/fbAQLP

exports[`Spending List Tests Renders correctly 1`] = `
<View
  style={
    Object {
      "borderTopWidth": 2,
      "width": "100%",
    }
  }
>
  <View
    style={
      Object {
        "borderBottomColor": "gray",
        "borderBottomWidth": 2,
        "padding": 8,
      }
    }
  >
    <Text
      style={
        Object {
          "fontSize": 24,
        }
      }
    >
      name
    </Text>
  </View>
  <View
    style={
      Object {
        "borderBottomColor": "gray",
        "borderBottomWidth": 1,
        "padding": 16,
      }
    }
  >
    <View
      style={
        Object {
          "display": "flex",
          "flexDirection": "row",
          "justifyContent": "space-between",
        }
      }
    >
      <Text
        style={
          Object {
            "fontSize": 24,
          }
        }
      >
        Rent
      </Text>
      <Text
        style={
          Object {
            "fontSize": 24,
          }
        }
      >
        852.25
      </Text>
    </View>
    <View
      style={
        Object {
          "display": "flex",
          "flexDirection": "row",
          "justifyContent": "space-between",
        }
      }
    >
      <Text
        style={
          Object {
            "fontSize": 16,
          }
        }
      >
        Bills
      </Text>
      <Text
        style={
          Object {
            "fontSize": 16,
          }
        }
      >
        8/4/2022
      </Text>
    </View>
  </View>
  <View
    style={
      Object {
        "borderBottomColor": "gray",
        "borderBottomWidth": 1,
        "padding": 16,
      }
    }
  >
    <View
      style={
        Object {
          "display": "flex",
          "flexDirection": "row",
          "justifyContent": "space-between",
        }
      }
    >
      <Text
        style={
          Object {
            "fontSize": 24,
          }
        }
      >
        Groceries
      </Text>
      <Text
        style={
          Object {
            "fontSize": 24,
          }
        }
      >
        130.44
      </Text>
    </View>
    <View
      style={
        Object {
          "display": "flex",
          "flexDirection": "row",
          "justifyContent": "space-between",
        }
      }
    >
      <Text
        style={
          Object {
            "fontSize": 16,
          }
        }
      />
      <Text
        style={
          Object {
            "fontSize": 16,
          }
        }
      >
        8/7/2022
      </Text>
    </View>
  </View>
  <View
    style={
      Object {
        "borderBottomWidth": 2,
        "padding": 8,
      }
    }
  >
    <Text
      style={
        Object {
          "fontSize": 16,
        }
      }
    >
      New Entry...
    </Text>
  </View>
</View>
`;
